// Jest Snapshot v1, https://goo.gl/fbAQLP

exports[`PurchaseCard render sucess renders component correct 1`] = `
<div>
  <div
    class="MuiPaper-root MuiCard-root makeStyles-root-1 MuiPaper-elevation1 MuiPaper-rounded"
  >
    <div
      class="MuiCardContent-root makeStyles-purchases-4"
    >
      <div
        class="makeStyles-item-2"
      >
        <p
          class="MuiTypography-root MuiTypography-body1 MuiTypography-colorTextSecondary"
        >
          CÓDIGO
        </p>
        <p
          class="MuiTypography-root MuiTypography-body2"
        >
          1G5T
        </p>
      </div>
      <div
        class="makeStyles-item-2"
      >
        <p
          class="MuiTypography-root MuiTypography-body1 MuiTypography-colorTextSecondary"
        >
          VALOR
        </p>
        <p
          class="MuiTypography-root MuiTypography-body2"
        >
          R$ 100,00
        </p>
      </div>
      <div
        class="makeStyles-item-2"
      >
        <p
          class="MuiTypography-root MuiTypography-body1 MuiTypography-colorTextSecondary"
        >
          CASHBACK (%)
        </p>
        <p
          class="MuiTypography-root MuiTypography-body2"
        >
          R$ 12,00
           (
          12
          %)
        </p>
      </div>
      <div
        class="makeStyles-item-2"
      >
        <p
          class="MuiTypography-root MuiTypography-body1 MuiTypography-colorTextSecondary"
        >
          DATA
        </p>
        <p
          class="MuiTypography-root MuiTypography-body2"
        >
          7/17/2021
        </p>
      </div>
      <div
        class="makeStyles-item-2"
      >
        <p
          class="MuiTypography-root MuiTypography-body1 MuiTypography-colorTextSecondary"
        >
          STATUS
        </p>
        <p
          class="MuiTypography-root MuiTypography-body2"
        >
          APROVADO
        </p>
      </div>
      <div
        class="makeStyles-actionItem-3"
      >
        <div>
          <button
            aria-label="delete"
            class="MuiButtonBase-root MuiIconButton-root MuiIconButton-colorPrimary"
            tabindex="0"
            type="button"
          >
            <span
              class="MuiIconButton-label"
            >
              <svg
                aria-hidden="true"
                class="MuiSvgIcon-root"
                focusable="false"
                viewBox="0 0 24 24"
              >
                <path
                  d="M3 17.25V21h3.75L17.81 9.94l-3.75-3.75L3 17.25zM20.71 7.04c.39-.39.39-1.02 0-1.41l-2.34-2.34a.9959.9959 0 00-1.41 0l-1.83 1.83 3.75 3.75 1.83-1.83z"
                />
              </svg>
            </span>
            <span
              class="MuiTouchRipple-root"
            />
          </button>
          <button
            aria-label="delete"
            class="MuiButtonBase-root MuiIconButton-root"
            tabindex="0"
            type="button"
          >
            <span
              class="MuiIconButton-label"
            >
              <svg
                aria-hidden="true"
                class="MuiSvgIcon-root"
                focusable="false"
                viewBox="0 0 24 24"
              >
                <path
                  d="M6 19c0 1.1.9 2 2 2h8c1.1 0 2-.9 2-2V7H6v12zM19 4h-3.5l-1-1h-5l-1 1H5v2h14V4z"
                />
              </svg>
            </span>
            <span
              class="MuiTouchRipple-root"
            />
          </button>
        </div>
      </div>
    </div>
  </div>
</div>
`;
