// Jest Snapshot v1, https://goo.gl/fbAQLP

exports[`PurchaseFormModal component renders PurchaseFormModal component correctly 1`] = `<div />`;
