// Jest Snapshot v1, https://goo.gl/fbAQLP

exports[`App component renders App component correctly 1`] = `<div />`;
